../Librerias/lvgl-release-v8.3/src/extra/widgets/chart/../../../../src/core/lv_obj_style_gen.h:115:26:lv_obj_get_style_pad_left	8	static
../Librerias/lvgl-release-v8.3/src/extra/widgets/chart/../../../../src/core/lv_obj_style_gen.h:1:26:lv_obj_get_style_width	8	static
../Librerias/lvgl-release-v8.3/src/extra/widgets/chart/../../../../src/core/lv_obj_style_gen.h:133:26:lv_obj_get_style_pad_column	8	static
../Librerias/lvgl-release-v8.3/src/extra/widgets/chart/../../../../src/core/lv_obj_style_gen.h:103:26:lv_obj_get_style_pad_top	8	static
../Librerias/lvgl-release-v8.3/src/extra/widgets/chart/lv_chart.c:673:13:lv_chart_destructor	16	static
../Librerias/lvgl-release-v8.3/src/extra/widgets/chart/lv_chart.c:642:13:lv_chart_constructor	8	static
../Librerias/lvgl-release-v8.3/src/extra/widgets/chart/lv_chart.c:1743:13:new_points_alloc	24	static
../Librerias/lvgl-release-v8.3/src/extra/widgets/chart/../../../../src/core/lv_obj_style_gen.h:253:26:lv_obj_get_style_border_width.constprop	8	static
../Librerias/lvgl-release-v8.3/src/extra/widgets/chart/lv_chart.c:1681:13:invalidate_point	40	static
../Librerias/lvgl-release-v8.3/src/extra/widgets/chart/lv_chart.c:67:12:lv_chart_create	8	static
../Librerias/lvgl-release-v8.3/src/extra/widgets/chart/lv_chart.c:75:6:lv_chart_set_type	24	static
../Librerias/lvgl-release-v8.3/src/extra/widgets/chart/lv_chart.c:104:6:lv_chart_set_point_count	24	static
../Librerias/lvgl-release-v8.3/src/extra/widgets/chart/lv_chart.c:128:6:lv_chart_set_range	4	static
../Librerias/lvgl-release-v8.3/src/extra/widgets/chart/lv_chart.c:160:6:lv_chart_set_update_mode	4	static
../Librerias/lvgl-release-v8.3/src/extra/widgets/chart/lv_chart.c:171:6:lv_chart_set_div_line_count	0	static
../Librerias/lvgl-release-v8.3/src/extra/widgets/chart/lv_chart.c:184:6:lv_chart_set_zoom_x	8	static
../Librerias/lvgl-release-v8.3/src/extra/widgets/chart/lv_chart.c:198:6:lv_chart_set_zoom_y	8	static
../Librerias/lvgl-release-v8.3/src/extra/widgets/chart/lv_chart.c:212:10:lv_chart_get_zoom_x	0	static
../Librerias/lvgl-release-v8.3/src/extra/widgets/chart/lv_chart.c:220:10:lv_chart_get_zoom_y	0	static
../Librerias/lvgl-release-v8.3/src/extra/widgets/chart/lv_chart.c:245:17:lv_chart_get_type	0	static
../Librerias/lvgl-release-v8.3/src/extra/widgets/chart/lv_chart.c:253:10:lv_chart_get_point_count	0	static
../Librerias/lvgl-release-v8.3/src/extra/widgets/chart/lv_chart.c:261:10:lv_chart_get_x_start_point	0	static
../Librerias/lvgl-release-v8.3/src/extra/widgets/chart/lv_chart.c:269:6:lv_chart_get_point_pos_by_id	72	static
../Librerias/lvgl-release-v8.3/src/extra/widgets/chart/lv_chart.c:330:6:lv_chart_refresh	0	static
../Librerias/lvgl-release-v8.3/src/extra/widgets/chart/lv_chart.c:341:21:lv_chart_add_series	24	static
../Librerias/lvgl-release-v8.3/src/extra/widgets/chart/lv_chart.c:384:6:lv_chart_remove_series	16	static
../Librerias/lvgl-release-v8.3/src/extra/widgets/chart/lv_chart.c:399:6:lv_chart_hide_series	0	static
../Librerias/lvgl-release-v8.3/src/extra/widgets/chart/lv_chart.c:408:6:lv_chart_set_series_color	0	static
../Librerias/lvgl-release-v8.3/src/extra/widgets/chart/lv_chart.c:417:6:lv_chart_set_x_start_point	0	static
../Librerias/lvgl-release-v8.3/src/extra/widgets/chart/lv_chart.c:427:21:lv_chart_get_series_next	0	static
../Librerias/lvgl-release-v8.3/src/extra/widgets/chart/lv_chart.c:447:22:lv_chart_add_cursor	16	static
../Librerias/lvgl-release-v8.3/src/extra/widgets/chart/lv_chart.c:473:6:lv_chart_set_cursor_pos	0	static
../Librerias/lvgl-release-v8.3/src/extra/widgets/chart/lv_chart.c:491:6:lv_chart_set_cursor_point	16	static
../Librerias/lvgl-release-v8.3/src/extra/widgets/chart/lv_chart.c:509:12:lv_chart_get_cursor_point	8	static
../Librerias/lvgl-release-v8.3/src/extra/widgets/chart/lv_chart.c:521:6:lv_chart_set_all_value	8	static
../Librerias/lvgl-release-v8.3/src/extra/widgets/chart/lv_chart.c:535:6:lv_chart_set_next_value	16	static
../Librerias/lvgl-release-v8.3/src/extra/widgets/chart/lv_chart.c:547:6:lv_chart_set_next_value2	12	static
../Librerias/lvgl-release-v8.3/src/extra/widgets/chart/lv_chart.c:565:6:lv_chart_set_value_by_id	4	static
../Librerias/lvgl-release-v8.3/src/extra/widgets/chart/lv_chart.c:576:6:lv_chart_set_value_by_id2	12	static
../Librerias/lvgl-release-v8.3/src/extra/widgets/chart/lv_chart.c:594:6:lv_chart_set_ext_y_array	16	static
../Librerias/lvgl-release-v8.3/src/extra/widgets/chart/lv_chart.c:605:6:lv_chart_set_ext_x_array	16	static
../Librerias/lvgl-release-v8.3/src/extra/widgets/chart/lv_chart.c:616:14:lv_chart_get_y_array	0	static
../Librerias/lvgl-release-v8.3/src/extra/widgets/chart/lv_chart.c:624:14:lv_chart_get_x_array	0	static
../Librerias/lvgl-release-v8.3/src/extra/widgets/chart/lv_chart.c:632:10:lv_chart_get_pressed_point	0	static
../Librerias/lvgl-release-v8.3/src/extra/widgets/chart/lv_chart.c:1789:23:get_tick_gsc	0	static
../Librerias/lvgl-release-v8.3/src/extra/widgets/chart/lv_chart.c:1383:13:draw_y_ticks	240	static
../Librerias/lvgl-release-v8.3/src/extra/widgets/chart/lv_chart.c:1515:13:draw_x_ticks	232	static
../Librerias/lvgl-release-v8.3/src/extra/widgets/chart/lv_chart.c:701:13:lv_chart_event	368	static
../Librerias/lvgl-release-v8.3/src/extra/widgets/chart/lv_chart.c:228:6:lv_chart_set_axis_tick	32	static
