../Librerias/lvgl-release-v8.3/src/core/lv_event.c:410:25:lv_obj_get_event_dsc.isra	0	static
../Librerias/lvgl-release-v8.3/src/core/lv_event.c:82:10:lv_obj_event_base	8	static
../Librerias/lvgl-release-v8.3/src/core/lv_event.c:420:17:event_send_core	16	static
../Librerias/lvgl-release-v8.3/src/core/lv_event.c:51:10:lv_event_send	40	static
../Librerias/lvgl-release-v8.3/src/core/lv_event.c:105:12:lv_event_get_target	0	static
../Librerias/lvgl-release-v8.3/src/core/lv_event.c:110:12:lv_event_get_current_target	0	static
../Librerias/lvgl-release-v8.3/src/core/lv_event.c:115:17:lv_event_get_code	0	static
../Librerias/lvgl-release-v8.3/src/core/lv_event.c:120:8:lv_event_get_param	0	static
../Librerias/lvgl-release-v8.3/src/core/lv_event.c:125:8:lv_event_get_user_data	0	static
../Librerias/lvgl-release-v8.3/src/core/lv_event.c:130:6:lv_event_stop_bubbling	0	static
../Librerias/lvgl-release-v8.3/src/core/lv_event.c:135:6:lv_event_stop_processing	0	static
../Librerias/lvgl-release-v8.3/src/core/lv_event.c:140:10:lv_event_register_id	0	static
../Librerias/lvgl-release-v8.3/src/core/lv_event.c:147:6:_lv_event_mark_deleted	0	static
../Librerias/lvgl-release-v8.3/src/core/lv_event.c:157:26:lv_obj_add_event_cb	32	static
../Librerias/lvgl-release-v8.3/src/core/lv_event.c:175:6:lv_obj_remove_event_cb	32	static
../Librerias/lvgl-release-v8.3/src/core/lv_event.c:199:6:lv_obj_remove_event_cb_with_user_data	32	static
../Librerias/lvgl-release-v8.3/src/core/lv_event.c:224:6:lv_obj_remove_event_dsc	32	static
../Librerias/lvgl-release-v8.3/src/core/lv_event.c:248:8:lv_obj_get_event_user_data	20	static
../Librerias/lvgl-release-v8.3/src/core/lv_event.c:260:14:lv_event_get_indev	0	static
../Librerias/lvgl-release-v8.3/src/core/lv_event.c:287:26:lv_event_get_draw_part_dsc	0	static
../Librerias/lvgl-release-v8.3/src/core/lv_event.c:299:17:lv_event_get_draw_ctx	0	static
../Librerias/lvgl-release-v8.3/src/core/lv_event.c:315:19:lv_event_get_old_size	0	static
../Librerias/lvgl-release-v8.3/src/core/lv_event.c:326:10:lv_event_get_key	0	static
../Librerias/lvgl-release-v8.3/src/core/lv_event.c:339:13:lv_event_get_scroll_anim	0	static
../Librerias/lvgl-release-v8.3/src/core/lv_event.c:350:6:lv_event_set_ext_draw_size	0	static
../Librerias/lvgl-release-v8.3/src/core/lv_event.c:361:14:lv_event_get_self_size_info	0	static
../Librerias/lvgl-release-v8.3/src/core/lv_event.c:372:22:lv_event_get_hit_test_info	0	static
../Librerias/lvgl-release-v8.3/src/core/lv_event.c:383:19:lv_event_get_cover_area	0	static
../Librerias/lvgl-release-v8.3/src/core/lv_event.c:395:6:lv_event_set_cover_res	0	static
