../Librerias/lvgl-release-v8.3/src/core/lv_obj_style.c:698:13:refresh_children_style	24	static
../Librerias/lvgl-release-v8.3/src/core/lv_obj_style.c:544:21:get_local_style	24	static
../Librerias/lvgl-release-v8.3/src/core/lv_obj_style.c:580:26:get_trans_style	24	static
../Librerias/lvgl-release-v8.3/src/core/lv_obj_style.c:889:13:fade_anim_cb	0	static
../Librerias/lvgl-release-v8.3/src/core/lv_obj_style.c:721:13:trans_del.isra	40	static
../Librerias/lvgl-release-v8.3/src/core/lv_obj_style.c:71:6:_lv_obj_style_init	0	static
../Librerias/lvgl-release-v8.3/src/core/lv_obj_style.c:222:6:lv_obj_enable_style_refresh	0	static
../Librerias/lvgl-release-v8.3/src/core/lv_obj_style.c:227:18:lv_obj_get_style_prop	64	static
../Librerias/lvgl-release-v8.3/src/core/lv_obj_style.c:819:13:trans_anim_start_cb	16	static
../Librerias/lvgl-release-v8.3/src/core/lv_obj_style.c:171:6:lv_obj_refresh_style	40	static
../Librerias/lvgl-release-v8.3/src/core/lv_obj_style.c:76:6:lv_obj_add_style	24	static
../Librerias/lvgl-release-v8.3/src/core/lv_obj_style.c:677:13:report_style_change_core	24	static
../Librerias/lvgl-release-v8.3/src/core/lv_obj_style.c:157:6:lv_obj_report_style_change	16	static
../Librerias/lvgl-release-v8.3/src/core/lv_obj_style.c:755:13:trans_anim_cb	32	static
../Librerias/lvgl-release-v8.3/src/core/lv_obj_style.c:110:6:lv_obj_remove_style	40	static
../Librerias/lvgl-release-v8.3/src/core/lv_obj_style.c:840:13:trans_anim_ready_cb	24	static
../Librerias/lvgl-release-v8.3/src/core/lv_obj_style.c:274:6:lv_obj_set_local_style_prop	24	static
../Librerias/lvgl-release-v8.3/src/core/lv_obj_style.c:282:6:lv_obj_set_local_style_prop_meta	24	static
../Librerias/lvgl-release-v8.3/src/core/lv_obj_style.c:290:16:lv_obj_get_local_style_prop	20	static
../Librerias/lvgl-release-v8.3/src/core/lv_obj_style.c:304:6:lv_obj_remove_local_style_prop	24	static
../Librerias/lvgl-release-v8.3/src/core/lv_obj_style.c:894:13:fade_in_anim_ready	0	static
../Librerias/lvgl-release-v8.3/src/core/lv_obj_style.c:328:6:_lv_obj_style_create_transition	104	static
../Librerias/lvgl-release-v8.3/src/core/lv_obj_style.c:384:18:_lv_obj_style_apply_color_filter	24	static
../Librerias/lvgl-release-v8.3/src/core/lv_obj_style.c:395:23:_lv_obj_style_state_compare	40	static
../Librerias/lvgl-release-v8.3/src/core/lv_obj_style.c:457:6:lv_obj_fade_in	88	static
../Librerias/lvgl-release-v8.3/src/core/lv_obj_style.c:470:6:lv_obj_fade_out	88	static
../Librerias/lvgl-release-v8.3/src/core/lv_obj_style.c:482:12:lv_obj_style_get_selector_state	0	static
../Librerias/lvgl-release-v8.3/src/core/lv_obj_style.c:487:11:lv_obj_style_get_selector_part	0	static
../Librerias/lvgl-release-v8.3/src/core/lv_obj_style.c:492:17:lv_obj_calculate_style_text_align	16	static
../Librerias/lvgl-release-v8.3/src/core/lv_obj_style.c:500:10:lv_obj_get_style_opa_recursive	16	static
