../Librerias/lvgl-release-v8.3/src/core/lv_obj_style_gen.h:565:29:lv_obj_get_style_base_dir.constprop	8	static
../Librerias/lvgl-release-v8.3/src/core/lv_obj_style_gen.h:253:26:lv_obj_get_style_border_width.constprop	8	static
../Librerias/lvgl-release-v8.3/src/core/lv_obj_style_gen.h:121:26:lv_obj_get_style_pad_right.constprop	8	static
../Librerias/lvgl-release-v8.3/src/core/lv_obj_style_gen.h:115:26:lv_obj_get_style_pad_left.constprop	8	static
../Librerias/lvgl-release-v8.3/src/core/lv_obj_style_gen.h:109:26:lv_obj_get_style_pad_bottom.constprop	8	static
../Librerias/lvgl-release-v8.3/src/core/lv_obj_style_gen.h:103:26:lv_obj_get_style_pad_top.constprop	8	static
../Librerias/lvgl-release-v8.3/src/core/lv_obj_pos.c:1153:13:transform_point	40	static
../Librerias/lvgl-release-v8.3/src/core/lv_obj_pos.c:52:6:lv_obj_set_x	24	static
../Librerias/lvgl-release-v8.3/src/core/lv_obj_pos.c:66:6:lv_obj_set_y	24	static
../Librerias/lvgl-release-v8.3/src/core/lv_obj_pos.c:44:6:lv_obj_set_pos	16	static
../Librerias/lvgl-release-v8.3/src/core/lv_obj_pos.c:223:6:lv_obj_set_width	24	static
../Librerias/lvgl-release-v8.3/src/core/lv_obj_pos.c:236:6:lv_obj_set_height	24	static
../Librerias/lvgl-release-v8.3/src/core/lv_obj_pos.c:215:6:lv_obj_set_size	16	static
../Librerias/lvgl-release-v8.3/src/core/lv_obj_pos.c:249:6:lv_obj_set_content_width	24	static
../Librerias/lvgl-release-v8.3/src/core/lv_obj_pos.c:258:6:lv_obj_set_content_height	24	static
../Librerias/lvgl-release-v8.3/src/core/lv_obj_pos.c:276:6:lv_obj_is_layout_positioned	16	static
../Librerias/lvgl-release-v8.3/src/core/lv_obj_pos.c:288:6:lv_obj_mark_layout_as_dirty	8	static
../Librerias/lvgl-release-v8.3/src/core/lv_obj_pos.c:267:6:lv_obj_set_layout	8	static
../Librerias/lvgl-release-v8.3/src/core/lv_obj_pos.c:323:10:lv_layout_register	24	static
../Librerias/lvgl-release-v8.3/src/core/lv_obj_pos.c:334:6:lv_obj_set_align	0	static
../Librerias/lvgl-release-v8.3/src/core/lv_obj_pos.c:339:6:lv_obj_align	16	static
../Librerias/lvgl-release-v8.3/src/core/lv_obj_pos.c:487:6:lv_obj_get_coords	0	static
../Librerias/lvgl-release-v8.3/src/core/lv_obj_pos.c:494:12:lv_obj_get_x	16	static
../Librerias/lvgl-release-v8.3/src/core/lv_obj_pos.c:512:12:lv_obj_get_x2	8	static
../Librerias/lvgl-release-v8.3/src/core/lv_obj_pos.c:519:12:lv_obj_get_y	16	static
../Librerias/lvgl-release-v8.3/src/core/lv_obj_pos.c:537:12:lv_obj_get_y2	8	static
../Librerias/lvgl-release-v8.3/src/core/lv_obj_pos.c:544:12:lv_obj_get_x_aligned	8	static
../Librerias/lvgl-release-v8.3/src/core/lv_obj_pos.c:549:12:lv_obj_get_y_aligned	8	static
../Librerias/lvgl-release-v8.3/src/core/lv_obj_pos.c:554:12:lv_obj_get_width	0	static
../Librerias/lvgl-release-v8.3/src/core/lv_obj_pos.c:561:12:lv_obj_get_height	0	static
../Librerias/lvgl-release-v8.3/src/core/lv_obj_pos.c:568:12:lv_obj_get_content_width	16	static
../Librerias/lvgl-release-v8.3/src/core/lv_obj_pos.c:579:12:lv_obj_get_content_height	16	static
../Librerias/lvgl-release-v8.3/src/core/lv_obj_pos.c:590:6:lv_obj_get_content_coords	16	static
../Librerias/lvgl-release-v8.3/src/core/lv_obj_pos.c:604:12:lv_obj_get_self_width	16	static
../Librerias/lvgl-release-v8.3/src/core/lv_obj_pos.c:611:12:lv_obj_get_self_height	16	static
../Librerias/lvgl-release-v8.3/src/core/lv_obj_pos.c:618:6:lv_obj_refresh_self_size	16	static
../Librerias/lvgl-release-v8.3/src/core/lv_obj_pos.c:780:6:lv_obj_move_children_by	48	static
../Librerias/lvgl-release-v8.3/src/core/lv_obj_pos.c:796:6:lv_obj_transform_point	24	static
../Librerias/lvgl-release-v8.3/src/core/lv_obj_pos.c:812:6:lv_obj_get_transformed_area	40	static
../Librerias/lvgl-release-v8.3/src/core/lv_obj_pos.c:865:6:lv_obj_area_is_visible	32	static
../Librerias/lvgl-release-v8.3/src/core/lv_obj_pos.c:834:6:lv_obj_invalidate_area	24	static
../Librerias/lvgl-release-v8.3/src/core/lv_obj_pos.c:848:6:lv_obj_invalidate	24	static
../Librerias/lvgl-release-v8.3/src/core/lv_obj_pos.c:707:6:lv_obj_move_to	48	static
../Librerias/lvgl-release-v8.3/src/core/lv_obj_pos.c:628:6:lv_obj_refr_pos	64	static
../Librerias/lvgl-release-v8.3/src/core/lv_obj_pos.c:914:6:lv_obj_is_visible	24	static
../Librerias/lvgl-release-v8.3/src/core/lv_obj_pos.c:930:6:lv_obj_set_ext_click_area	16	static
../Librerias/lvgl-release-v8.3/src/core/lv_obj_pos.c:938:6:lv_obj_get_click_area	16	static
../Librerias/lvgl-release-v8.3/src/core/lv_obj_pos.c:949:6:lv_obj_hit_test	32	static
../Librerias/lvgl-release-v8.3/src/core/lv_obj_pos.c:970:12:lv_clamp_width	12	static
../Librerias/lvgl-release-v8.3/src/core/lv_obj_pos.c:80:6:lv_obj_refr_size	96	static
../Librerias/lvgl-release-v8.3/src/core/lv_obj_pos.c:1124:13:layout_update_core	16	static
../Librerias/lvgl-release-v8.3/src/core/lv_obj_pos.c:301:6:lv_obj_update_layout	16	static
../Librerias/lvgl-release-v8.3/src/core/lv_obj_pos.c:345:6:lv_obj_align_to	56	static
../Librerias/lvgl-release-v8.3/src/core/lv_obj_pos.c:977:12:lv_clamp_height	0	static
