../Librerias/lvgl-release-v8.3/src/core/lv_obj_tree.c:104:6:lv_obj_del_delayed	88	static
../Librerias/lvgl-release-v8.3/src/core/lv_obj_tree.c:121:6:lv_obj_del_async	0	static
../Librerias/lvgl-release-v8.3/src/core/lv_obj_tree.c:249:12:lv_obj_get_screen	0	static
../Librerias/lvgl-release-v8.3/src/core/lv_obj_tree.c:264:13:lv_obj_get_disp	8	static
../Librerias/lvgl-release-v8.3/src/core/lv_obj_tree.c:285:12:lv_obj_get_parent	0	static
../Librerias/lvgl-release-v8.3/src/core/lv_obj_tree.c:293:12:lv_obj_get_child	0	static
../Librerias/lvgl-release-v8.3/src/core/lv_obj_tree.c:313:10:lv_obj_get_child_cnt	0	static
../Librerias/lvgl-release-v8.3/src/core/lv_obj_tree.c:419:31:walk_core	24	static
../Librerias/lvgl-release-v8.3/src/core/lv_obj_tree.c:320:10:lv_obj_get_index	16	static
../Librerias/lvgl-release-v8.3/src/core/lv_obj_tree.c:351:13:obj_del_core	24	static
../Librerias/lvgl-release-v8.3/src/core/lv_obj_tree.c:45:6:lv_obj_del	24	static
../Librerias/lvgl-release-v8.3/src/core/lv_obj_tree.c:116:6:lv_obj_del_anim_ready_cb	0	static
../Librerias/lvgl-release-v8.3/src/core/lv_obj_tree.c:344:13:lv_obj_del_async_cb	0	static
../Librerias/lvgl-release-v8.3/src/core/lv_obj_tree.c:80:6:lv_obj_clean	16	static
../Librerias/lvgl-release-v8.3/src/core/lv_obj_tree.c:127:6:lv_obj_set_parent	24	static
../Librerias/lvgl-release-v8.3/src/core/lv_obj_tree.c:184:6:lv_obj_move_to_index	16	static
../Librerias/lvgl-release-v8.3/src/core/lv_obj_tree.c:219:6:lv_obj_swap	32	static
../Librerias/lvgl-release-v8.3/src/core/lv_obj_tree.c:335:6:lv_obj_tree_walk	0	static
