../Librerias/lvgl-release-v8.3/src/core/lv_refr.c:1310:13:call_flush_cb	24	static
../Librerias/lvgl-release-v8.3/src/core/lv_refr.c:805:19:lv_refr_get_top_obj	24	static
../Librerias/lvgl-release-v8.3/src/core/lv_refr.c:103:6:_lv_refr_init	0	static
../Librerias/lvgl-release-v8.3/src/core/lv_refr.c:130:6:lv_obj_redraw	56	static
../Librerias/lvgl-release-v8.3/src/core/lv_refr.c:964:6:refr_obj	104	static
../Librerias/lvgl-release-v8.3/src/core/lv_refr.c:845:13:refr_obj_and_children	32	static
../Librerias/lvgl-release-v8.3/src/core/lv_refr.c:696:13:refr_area_part	200	static
../Librerias/lvgl-release-v8.3/src/core/lv_refr.c:205:6:_lv_inv_area	32	static
../Librerias/lvgl-release-v8.3/src/core/lv_refr.c:266:13:_lv_refr_get_disp_refreshing	0	static
../Librerias/lvgl-release-v8.3/src/core/lv_refr.c:277:6:_lv_refr_set_disp_refreshing	0	static
../Librerias/lvgl-release-v8.3/src/core/lv_refr.c:286:6:_lv_disp_refr_timer	120	static
../Librerias/lvgl-release-v8.3/src/core/lv_refr.c:113:6:lv_refr_now	8	static
