../Librerias/lvgl-release-v8.3/examples/widgets/menu/lv_example_menu_5.c:124:13:switch_handler	16	static
../Librerias/lvgl-release-v8.3/examples/widgets/menu/lv_example_menu_5.c:143:19:create_text	32	static
../Librerias/lvgl-release-v8.3/examples/widgets/menu/../../../src/core/lv_obj_style.h:213:20:lv_obj_set_style_pad_hor.constprop	16	static
../Librerias/lvgl-release-v8.3/examples/widgets/menu/../../../src/core/lv_obj_style_gen.h:115:26:lv_obj_get_style_pad_left.constprop	8	static
../Librerias/lvgl-release-v8.3/examples/widgets/menu/lv_example_menu_5.c:171:19:create_slider.constprop.isra	16	static
../Librerias/lvgl-release-v8.3/examples/widgets/menu/lv_example_menu_5.c:113:13:back_event_handler	24	static
../Librerias/lvgl-release-v8.3/examples/widgets/menu/lv_example_menu_5.c:20:6:lv_example_menu_5	48	static
