../Librerias/lvgl-release-v8.3/src/draw/lv_draw_img.c:354:13:show_error	112	static
../Librerias/lvgl-release-v8.3/src/draw/lv_draw_img.c:47:6:lv_draw_img_dsc_init	8	static
../Librerias/lvgl-release-v8.3/src/draw/lv_draw_img.c:94:9:lv_img_cf_get_px_size	0	static
../Librerias/lvgl-release-v8.3/src/draw/lv_draw_img.c:139:6:lv_img_cf_is_chroma_keyed	0	static
../Librerias/lvgl-release-v8.3/src/draw/lv_draw_img.c:162:6:lv_img_cf_has_alpha	0	static
../Librerias/lvgl-release-v8.3/src/draw/lv_draw_img.c:195:14:lv_img_src_get_type	0	static
../Librerias/lvgl-release-v8.3/src/draw/lv_draw_img.c:228:6:lv_draw_img_decoded	8	static
../Librerias/lvgl-release-v8.3/src/draw/lv_draw_img.c:63:6:lv_draw_img	88	static
