../Librerias/lvgl-release-v8.3/src/extra/widgets/calendar/lv_calendar.c:330:16:get_month_length	0	static
../Librerias/lvgl-release-v8.3/src/extra/widgets/calendar/lv_calendar.c:290:13:draw_part_begin_event_cb	16	static
../Librerias/lvgl-release-v8.3/src/extra/widgets/calendar/lv_calendar.c:363:16:get_day_of_week.constprop	8	static
../Librerias/lvgl-release-v8.3/src/extra/widgets/calendar/lv_calendar.c:377:13:highlight_update	16	static
../Librerias/lvgl-release-v8.3/src/extra/widgets/calendar/lv_calendar.c:60:12:lv_calendar_create	8	static
../Librerias/lvgl-release-v8.3/src/extra/widgets/calendar/lv_calendar.c:72:6:lv_calendar_set_day_names	4	static
../Librerias/lvgl-release-v8.3/src/extra/widgets/calendar/lv_calendar.c:84:6:lv_calendar_set_today_date	4	static
../Librerias/lvgl-release-v8.3/src/extra/widgets/calendar/lv_calendar.c:96:6:lv_calendar_set_highlighted_dates	0	static
../Librerias/lvgl-release-v8.3/src/extra/widgets/calendar/lv_calendar.c:109:6:lv_calendar_set_showed_date	40	static
../Librerias/lvgl-release-v8.3/src/extra/widgets/calendar/lv_calendar.c:239:13:lv_calendar_constructor	24	static
../Librerias/lvgl-release-v8.3/src/extra/widgets/calendar/lv_calendar.c:172:12:lv_calendar_get_btnmatrix	0	static
../Librerias/lvgl-release-v8.3/src/extra/widgets/calendar/lv_calendar.c:179:28:lv_calendar_get_today_date	0	static
../Librerias/lvgl-release-v8.3/src/extra/widgets/calendar/lv_calendar.c:187:28:lv_calendar_get_showed_date	0	static
../Librerias/lvgl-release-v8.3/src/extra/widgets/calendar/lv_calendar.c:195:22:lv_calendar_get_highlighted_dates	0	static
../Librerias/lvgl-release-v8.3/src/extra/widgets/calendar/lv_calendar.c:203:10:lv_calendar_get_highlighted_dates_num	0	static
../Librerias/lvgl-release-v8.3/src/extra/widgets/calendar/lv_calendar.c:211:10:lv_calendar_get_pressed_date	16	static
