../Librerias/lvgl-release-v8.3/src/hal/lv_hal_disp.c:612:31:invalidate_layout_cb	8	static
../Librerias/lvgl-release-v8.3/src/hal/lv_hal_disp.c:675:13:set_px_alpha_generic	32	static
../Librerias/lvgl-release-v8.3/src/hal/lv_hal_disp.c:661:13:set_px_cb_alpha8	32	static
../Librerias/lvgl-release-v8.3/src/hal/lv_hal_disp.c:647:13:set_px_cb_alpha4	32	static
../Librerias/lvgl-release-v8.3/src/hal/lv_hal_disp.c:633:13:set_px_cb_alpha2	32	static
../Librerias/lvgl-release-v8.3/src/hal/lv_hal_disp.c:619:13:set_px_cb_alpha1	32	static
../Librerias/lvgl-release-v8.3/src/hal/lv_hal_disp.c:689:13:set_px_true_color_alpha	32	static
../Librerias/lvgl-release-v8.3/src/hal/lv_hal_disp.c:84:6:lv_disp_drv_init	8	static
../Librerias/lvgl-release-v8.3/src/hal/lv_hal_disp.c:150:6:lv_disp_draw_buf_init	24	static
../Librerias/lvgl-release-v8.3/src/hal/lv_hal_disp.c:166:13:lv_disp_drv_register	32	static
../Librerias/lvgl-release-v8.3/src/hal/lv_hal_disp.c:291:6:lv_disp_remove	24	static
../Librerias/lvgl-release-v8.3/src/hal/lv_hal_disp.c:332:6:lv_disp_set_default	0	static
../Librerias/lvgl-release-v8.3/src/hal/lv_hal_disp.c:341:13:lv_disp_get_default	0	static
../Librerias/lvgl-release-v8.3/src/hal/lv_hal_disp.c:351:12:lv_disp_get_hor_res	0	static
../Librerias/lvgl-release-v8.3/src/hal/lv_hal_disp.c:374:12:lv_disp_get_ver_res	0	static
../Librerias/lvgl-release-v8.3/src/hal/lv_hal_disp.c:250:6:lv_disp_drv_update	32	static
../Librerias/lvgl-release-v8.3/src/hal/lv_hal_disp.c:397:12:lv_disp_get_physical_hor_res	0	static
../Librerias/lvgl-release-v8.3/src/hal/lv_hal_disp.c:420:12:lv_disp_get_physical_ver_res	0	static
../Librerias/lvgl-release-v8.3/src/hal/lv_hal_disp.c:443:12:lv_disp_get_offset_x	8	static
../Librerias/lvgl-release-v8.3/src/hal/lv_hal_disp.c:469:12:lv_disp_get_offset_y	8	static
../Librerias/lvgl-release-v8.3/src/hal/lv_hal_disp.c:495:6:lv_disp_get_antialiasing	0	static
../Librerias/lvgl-release-v8.3/src/hal/lv_hal_disp.c:508:12:lv_disp_get_dpi	0	static
../Librerias/lvgl-release-v8.3/src/hal/lv_hal_disp.c:519:31:lv_disp_flush_ready	0	static
../Librerias/lvgl-release-v8.3/src/hal/lv_hal_disp.c:531:31:lv_disp_flush_is_last	0	static
../Librerias/lvgl-release-v8.3/src/hal/lv_hal_disp.c:541:13:lv_disp_get_next	0	static
../Librerias/lvgl-release-v8.3/src/hal/lv_hal_disp.c:554:22:lv_disp_get_draw_buf	0	static
../Librerias/lvgl-release-v8.3/src/hal/lv_hal_disp.c:564:6:lv_disp_set_rotation	0	static
../Librerias/lvgl-release-v8.3/src/hal/lv_hal_disp.c:578:15:lv_disp_get_rotation	0	static
../Librerias/lvgl-release-v8.3/src/hal/lv_hal_disp.c:585:6:lv_disp_drv_use_generic_set_px_cb	0	static
