../Librerias/lvgl-release-v8.3/src/extra/libs/qrcode/qrcodegen.c:397:18:finiteFieldMultiply	12	static
../Librerias/lvgl-release-v8.3/src/extra/libs/qrcode/qrcodegen.c:545:14:getAlignmentPatternPositions	12	static
../Librerias/lvgl-release-v8.3/src/extra/libs/qrcode/qrcodegen.c:726:13:hasFinderLikePattern	0	static
../Librerias/lvgl-release-v8.3/src/extra/libs/qrcode/qrcodegen.c:757:15:getModule	8	static
../Librerias/lvgl-release-v8.3/src/extra/libs/qrcode/qrcodegen.c:766:15:setModule	12	static
../Librerias/lvgl-release-v8.3/src/extra/libs/qrcode/qrcodegen.c:559:13:fillRectangle	32	static
../Librerias/lvgl-release-v8.3/src/extra/libs/qrcode/qrcodegen.c:836:14:calcSegmentBitLength	0	static
../Librerias/lvgl-release-v8.3/src/extra/libs/qrcode/qrcodegen.c:413:15:initializeFunctionModules	56	static
../Librerias/lvgl-release-v8.3/src/extra/libs/qrcode/qrcodegen.c:717:13:addRunToHistory	16	static
../Librerias/lvgl-release-v8.3/src/extra/libs/qrcode/qrcodegen.c:184:15:appendBitsToBuffer.part.0	16	static
../Librerias/lvgl-release-v8.3/src/extra/libs/qrcode/qrcodegen.c:184:15:appendBitsToBuffer	8	static
../Librerias/lvgl-release-v8.3/src/extra/libs/qrcode/qrcodegen.c:336:14:getNumRawDataModules	0	static
../Librerias/lvgl-release-v8.3/src/extra/libs/qrcode/qrcodegen.c:324:14:getNumDataCodewords	16	static
../Librerias/lvgl-release-v8.3/src/extra/libs/qrcode/qrcodegen.c:999:12:numCharCountBits.part.0	0	static
../Librerias/lvgl-release-v8.3/src/extra/libs/qrcode/qrcodegen.c:780:15:setModuleBounded.constprop	4	static
../Librerias/lvgl-release-v8.3/src/extra/libs/qrcode/qrcodegen.c:976:14:getTotalBits	32	static
../Librerias/lvgl-release-v8.3/src/extra/libs/qrcode/qrcodegen.c:739:5:qrcodegen_getSize	0	static
../Librerias/lvgl-release-v8.3/src/extra/libs/qrcode/qrcodegen.c:603:13:applyMask	48	static
../Librerias/lvgl-release-v8.3/src/extra/libs/qrcode/qrcodegen.c:511:13:drawFormatBits.part.0	24	static
../Librerias/lvgl-release-v8.3/src/extra/libs/qrcode/qrcodegen.c:203:6:qrcodegen_encodeSegmentsAdvanced	128	static
../Librerias/lvgl-release-v8.3/src/extra/libs/qrcode/qrcodegen.c:166:6:qrcodegen_encodeBinary	56	static
../Librerias/lvgl-release-v8.3/src/extra/libs/qrcode/qrcodegen.c:195:6:qrcodegen_encodeSegments	32	static
../Librerias/lvgl-release-v8.3/src/extra/libs/qrcode/qrcodegen.c:749:6:qrcodegen_getModule	16	static
../Librerias/lvgl-release-v8.3/src/extra/libs/qrcode/qrcodegen.c:797:6:qrcodegen_isAlphanumeric	16	static
../Librerias/lvgl-release-v8.3/src/extra/libs/qrcode/qrcodegen.c:808:6:qrcodegen_isNumeric	0	static
../Librerias/lvgl-release-v8.3/src/extra/libs/qrcode/qrcodegen.c:819:8:qrcodegen_calcSegmentBufferSize	8	static
../Librerias/lvgl-release-v8.3/src/extra/libs/qrcode/qrcodegen.c:863:26:qrcodegen_makeBytes	24	static
../Librerias/lvgl-release-v8.3/src/extra/libs/qrcode/qrcodegen.c:878:26:qrcodegen_makeNumeric	40	static
../Librerias/lvgl-release-v8.3/src/extra/libs/qrcode/qrcodegen.c:912:26:qrcodegen_makeAlphanumeric	56	static
../Librerias/lvgl-release-v8.3/src/extra/libs/qrcode/qrcodegen.c:128:6:qrcodegen_encodeText	80	static
../Librerias/lvgl-release-v8.3/src/extra/libs/qrcode/qrcodegen.c:946:26:qrcodegen_makeEci	32	static
../Librerias/lvgl-release-v8.3/src/extra/libs/qrcode/qrcodegen.c:1012:5:qrcodegen_getMinFitVersion	32	static
../Librerias/lvgl-release-v8.3/src/extra/libs/qrcode/qrcodegen.c:1028:5:qrcodegen_version2size	0	static
