../Librerias/lvgl-release-v8.3/src/widgets/lv_roller.c:777:13:set_y_anim	0	static
../Librerias/lvgl-release-v8.3/src/widgets/../core/lv_obj_style_gen.h:463:33:lv_obj_get_style_text_font	8	static
../Librerias/lvgl-release-v8.3/src/widgets/lv_roller.c:753:19:get_label	0	static
../Librerias/lvgl-release-v8.3/src/widgets/../core/lv_obj_style_gen.h:475:26:lv_obj_get_style_text_line_space.constprop	8	static
../Librerias/lvgl-release-v8.3/src/widgets/lv_roller.c:570:13:get_sel_area	32	static
../Librerias/lvgl-release-v8.3/src/widgets/lv_roller.c:726:13:inf_normalize	24	static
../Librerias/lvgl-release-v8.3/src/widgets/lv_roller.c:771:13:scroll_anim_ready_cb	8	static
../Librerias/lvgl-release-v8.3/src/widgets/lv_roller.c:594:13:refr_position	112	static
../Librerias/lvgl-release-v8.3/src/widgets/lv_roller.c:96:6:lv_roller_set_options.part.0	40	static
../Librerias/lvgl-release-v8.3/src/widgets/lv_roller.c:291:13:lv_roller_constructor	16	static
../Librerias/lvgl-release-v8.3/src/widgets/lv_roller.c:758:19:get_selected_label_width	40	static
../Librerias/lvgl-release-v8.3/src/widgets/lv_roller.c:415:13:lv_roller_label_event	88	static
../Librerias/lvgl-release-v8.3/src/widgets/lv_roller.c:78:12:lv_roller_create	8	static
../Librerias/lvgl-release-v8.3/src/widgets/lv_roller.c:96:6:lv_roller_set_options	0	static
../Librerias/lvgl-release-v8.3/src/widgets/lv_roller.c:152:6:lv_roller_set_selected	16	static
../Librerias/lvgl-release-v8.3/src/widgets/lv_roller.c:312:13:lv_roller_event	144	static
../Librerias/lvgl-release-v8.3/src/widgets/lv_roller.c:191:6:lv_roller_set_visible_row_count	24	static
../Librerias/lvgl-release-v8.3/src/widgets/lv_roller.c:210:10:lv_roller_get_selected	0	static
../Librerias/lvgl-release-v8.3/src/widgets/lv_roller.c:230:6:lv_roller_get_selected_str	24	static
../Librerias/lvgl-release-v8.3/src/widgets/lv_roller.c:262:14:lv_roller_get_options	8	static
../Librerias/lvgl-release-v8.3/src/widgets/lv_roller.c:274:10:lv_roller_get_option_cnt	0	static
