../Librerias/lvgl-release-v8.3/src/widgets/lv_slider.h:177:32:lv_slider_get_mode	8	static
../Librerias/lvgl-release-v8.3/src/widgets/lv_slider.c:80:13:lv_slider_constructor	16	static
../Librerias/lvgl-release-v8.3/src/widgets/lv_slider.c:412:13:position_knob	32	static
../Librerias/lvgl-release-v8.3/src/widgets/lv_slider.c:95:13:lv_slider_event	240	static
../Librerias/lvgl-release-v8.3/src/widgets/lv_slider.c:60:12:lv_slider_create	8	static
../Librerias/lvgl-release-v8.3/src/widgets/lv_slider.c:68:6:lv_slider_is_dragged	0	static
