../Librerias/lvgl-release-v8.3/src/widgets/../core/lv_obj_style_gen.h:115:26:lv_obj_get_style_pad_left	8	static
../Librerias/lvgl-release-v8.3/src/widgets/../core/lv_obj_style_gen.h:121:26:lv_obj_get_style_pad_right	8	static
../Librerias/lvgl-release-v8.3/src/widgets/../core/lv_obj_style_gen.h:103:26:lv_obj_get_style_pad_top	8	static
../Librerias/lvgl-release-v8.3/src/widgets/lv_table.c:924:19:get_row_height	88	static
../Librerias/lvgl-release-v8.3/src/widgets/lv_table.c:523:13:lv_table_destructor	24	static
../Librerias/lvgl-release-v8.3/src/widgets/lv_table.c:504:13:lv_table_constructor	8	static
../Librerias/lvgl-release-v8.3/src/widgets/lv_table.c:1064:13:get_cell_area	24	static
../Librerias/lvgl-release-v8.3/src/widgets/lv_table.c:1099:13:scroll_to_selected_cell	24	static
../Librerias/lvgl-release-v8.3/src/widgets/lv_table.c:864:13:refr_size_form_row.constprop	80	static
../Librerias/lvgl-release-v8.3/src/widgets/lv_table.c:890:13:refr_cell_size	88	static
../Librerias/lvgl-release-v8.3/src/widgets/lv_table.c:668:13:draw_main	416	static
../Librerias/lvgl-release-v8.3/src/widgets/lv_table.c:547:13:lv_table_event	32	static
../Librerias/lvgl-release-v8.3/src/widgets/lv_table.c:74:12:lv_table_create	8	static
../Librerias/lvgl-release-v8.3/src/widgets/lv_table.c:206:6:lv_table_set_row_cnt	32	static
../Librerias/lvgl-release-v8.3/src/widgets/lv_table.c:251:6:lv_table_set_col_cnt	64	static
../Librerias/lvgl-release-v8.3/src/widgets/lv_table.c:86:6:lv_table_set_cell_value	48	static
../Librerias/lvgl-release-v8.3/src/widgets/lv_table.c:125:6:lv_table_set_cell_value_fmt	44	static
../Librerias/lvgl-release-v8.3/src/widgets/lv_table.c:312:6:lv_table_set_col_width	16	static
../Librerias/lvgl-release-v8.3/src/widgets/lv_table.c:325:6:lv_table_add_cell_ctrl	24	static
../Librerias/lvgl-release-v8.3/src/widgets/lv_table.c:352:6:lv_table_clear_cell_ctrl	24	static
../Librerias/lvgl-release-v8.3/src/widgets/lv_table.c:380:6:lv_table_set_cell_user_data	24	static
../Librerias/lvgl-release-v8.3/src/widgets/lv_table.c:414:14:lv_table_get_cell_value	0	static
../Librerias/lvgl-release-v8.3/src/widgets/lv_table.c:430:10:lv_table_get_row_cnt	0	static
../Librerias/lvgl-release-v8.3/src/widgets/lv_table.c:438:10:lv_table_get_col_cnt	0	static
../Librerias/lvgl-release-v8.3/src/widgets/lv_table.c:446:12:lv_table_get_col_width	0	static
../Librerias/lvgl-release-v8.3/src/widgets/lv_table.c:460:6:lv_table_has_cell_ctrl	8	static
../Librerias/lvgl-release-v8.3/src/widgets/lv_table.c:475:6:lv_table_get_selected_cell	0	static
../Librerias/lvgl-release-v8.3/src/widgets/lv_table.c:483:8:lv_table_get_cell_user_data	0	static
