../Librerias/lvgl-release-v8.3/src/extra/widgets/colorwheel/lv_colorwheel.c:613:13:fast_hsv2rgb.constprop	20	static
../Librerias/lvgl-release-v8.3/src/extra/widgets/colorwheel/lv_colorwheel.c:333:18:get_knob_area	32	static
../Librerias/lvgl-release-v8.3/src/extra/widgets/colorwheel/lv_colorwheel.c:546:13:refr_knob_pos	32	static
../Librerias/lvgl-release-v8.3/src/extra/widgets/colorwheel/lv_colorwheel.c:223:13:lv_colorwheel_constructor	8	static
../Librerias/lvgl-release-v8.3/src/extra/widgets/colorwheel/lv_colorwheel.c:77:12:lv_colorwheel_create	8	static
../Librerias/lvgl-release-v8.3/src/extra/widgets/colorwheel/lv_colorwheel.c:97:6:lv_colorwheel_set_hsv	24	static
../Librerias/lvgl-release-v8.3/src/extra/widgets/colorwheel/lv_colorwheel.c:123:6:lv_colorwheel_set_rgb	24	static
../Librerias/lvgl-release-v8.3/src/extra/widgets/colorwheel/lv_colorwheel.c:136:6:lv_colorwheel_set_mode	8	static
../Librerias/lvgl-release-v8.3/src/extra/widgets/colorwheel/lv_colorwheel.c:151:6:lv_colorwheel_set_mode_fixed	0	static
../Librerias/lvgl-release-v8.3/src/extra/widgets/colorwheel/lv_colorwheel.c:168:16:lv_colorwheel_get_hsv	8	static
../Librerias/lvgl-release-v8.3/src/extra/widgets/colorwheel/lv_colorwheel.c:181:12:lv_colorwheel_get_rgb	0	static
../Librerias/lvgl-release-v8.3/src/extra/widgets/colorwheel/lv_colorwheel.c:355:13:lv_colorwheel_event	192	static
../Librerias/lvgl-release-v8.3/src/extra/widgets/colorwheel/lv_colorwheel.c:194:22:lv_colorwheel_get_color_mode	0	static
../Librerias/lvgl-release-v8.3/src/extra/widgets/colorwheel/lv_colorwheel.c:207:6:lv_colorwheel_get_color_mode_fixed	0	static
