../Librerias/lvgl-release-v8.3/src/misc/lv_anim.c:211:9:lv_anim_path_linear	16	static
../Librerias/lvgl-release-v8.3/src/misc/lv_anim.c:462:13:anim_mark_list_change	8	static
../Librerias/lvgl-release-v8.3/src/misc/lv_anim.c:349:13:anim_timer	32	static
../Librerias/lvgl-release-v8.3/src/misc/lv_anim.c:56:6:_lv_anim_core_init	8	static
../Librerias/lvgl-release-v8.3/src/misc/lv_anim.c:64:6:lv_anim_init	8	static
../Librerias/lvgl-release-v8.3/src/misc/lv_anim.c:116:10:lv_anim_get_playtime	12	static
../Librerias/lvgl-release-v8.3/src/misc/lv_anim.c:137:6:lv_anim_del	32	static
../Librerias/lvgl-release-v8.3/src/misc/lv_anim.c:75:13:lv_anim_start	16	static
../Librerias/lvgl-release-v8.3/src/misc/lv_anim.c:162:6:lv_anim_del_all	8	static
../Librerias/lvgl-release-v8.3/src/misc/lv_anim.c:168:13:lv_anim_get	16	static
../Librerias/lvgl-release-v8.3/src/misc/lv_anim.c:180:22:lv_anim_get_timer	0	static
../Librerias/lvgl-release-v8.3/src/misc/lv_anim.c:185:10:lv_anim_count_running	16	static
../Librerias/lvgl-release-v8.3/src/misc/lv_anim.c:194:10:lv_anim_speed_to_time	0	static
../Librerias/lvgl-release-v8.3/src/misc/lv_anim.c:206:6:lv_anim_refr_now	0	static
../Librerias/lvgl-release-v8.3/src/misc/lv_anim.c:226:9:lv_anim_path_ease_in	24	static
../Librerias/lvgl-release-v8.3/src/misc/lv_anim.c:240:9:lv_anim_path_ease_out	24	static
../Librerias/lvgl-release-v8.3/src/misc/lv_anim.c:254:9:lv_anim_path_ease_in_out	24	static
../Librerias/lvgl-release-v8.3/src/misc/lv_anim.c:268:9:lv_anim_path_overshoot	24	static
../Librerias/lvgl-release-v8.3/src/misc/lv_anim.c:282:9:lv_anim_path_bounce	24	static
../Librerias/lvgl-release-v8.3/src/misc/lv_anim.c:333:9:lv_anim_path_step	0	static
