../Librerias/lvgl-release-v8.3/src/extra/widgets/imgbtn/lv_imgbtn.c:162:13:lv_imgbtn_constructor	8	static
../Librerias/lvgl-release-v8.3/src/extra/widgets/imgbtn/lv_imgbtn.c:330:26:suggest_state	0	static
../Librerias/lvgl-release-v8.3/src/extra/widgets/imgbtn/lv_imgbtn.c:56:12:lv_imgbtn_create	8	static
../Librerias/lvgl-release-v8.3/src/extra/widgets/imgbtn/lv_imgbtn.c:121:14:lv_imgbtn_get_src_left	0	static
../Librerias/lvgl-release-v8.3/src/extra/widgets/imgbtn/lv_imgbtn.c:136:14:lv_imgbtn_get_src_middle	0	static
../Librerias/lvgl-release-v8.3/src/extra/widgets/imgbtn/lv_imgbtn.c:150:14:lv_imgbtn_get_src_right	0	static
../Librerias/lvgl-release-v8.3/src/extra/widgets/imgbtn/lv_imgbtn.c:361:19:get_state	8	static
../Librerias/lvgl-release-v8.3/src/extra/widgets/imgbtn/lv_imgbtn.c:299:13:refr_img	16	static
../Librerias/lvgl-release-v8.3/src/extra/widgets/imgbtn/lv_imgbtn.c:79:6:lv_imgbtn_set_src	0	static
../Librerias/lvgl-release-v8.3/src/extra/widgets/imgbtn/lv_imgbtn.c:93:6:lv_imgbtn_set_state	16	static
../Librerias/lvgl-release-v8.3/src/extra/widgets/imgbtn/lv_imgbtn.c:174:13:lv_imgbtn_event	104	static
