../Librerias/lvgl-release-v8.3/src/extra/widgets/meter/lv_meter.c:279:13:lv_meter_destructor	8	static
../Librerias/lvgl-release-v8.3/src/extra/widgets/meter/lv_meter.c:266:13:lv_meter_constructor	8	static
../Librerias/lvgl-release-v8.3/src/extra/widgets/meter/lv_meter.c:653:13:inv_line	80	static
../Librerias/lvgl-release-v8.3/src/extra/widgets/meter/lv_meter.c:289:13:lv_meter_event	400	static
../Librerias/lvgl-release-v8.3/src/extra/widgets/meter/lv_meter.c:628:13:inv_arc	80	static
../Librerias/lvgl-release-v8.3/src/extra/widgets/meter/lv_meter.c:54:12:lv_meter_create	8	static
../Librerias/lvgl-release-v8.3/src/extra/widgets/meter/lv_meter.c:66:20:lv_meter_add_scale	8	static
../Librerias/lvgl-release-v8.3/src/extra/widgets/meter/lv_meter.c:87:6:lv_meter_set_scale_ticks	4	static
../Librerias/lvgl-release-v8.3/src/extra/widgets/meter/lv_meter.c:97:6:lv_meter_set_scale_major_ticks	8	static
../Librerias/lvgl-release-v8.3/src/extra/widgets/meter/lv_meter.c:108:6:lv_meter_set_scale_range	0	static
../Librerias/lvgl-release-v8.3/src/extra/widgets/meter/lv_meter.c:122:24:lv_meter_add_needle_line	24	static
../Librerias/lvgl-release-v8.3/src/extra/widgets/meter/lv_meter.c:142:24:lv_meter_add_needle_img	24	static
../Librerias/lvgl-release-v8.3/src/extra/widgets/meter/lv_meter.c:162:24:lv_meter_add_arc	24	static
../Librerias/lvgl-release-v8.3/src/extra/widgets/meter/lv_meter.c:182:24:lv_meter_add_scale_lines	24	static
../Librerias/lvgl-release-v8.3/src/extra/widgets/meter/lv_meter.c:207:6:lv_meter_set_indicator_value	24	static
../Librerias/lvgl-release-v8.3/src/extra/widgets/meter/lv_meter.c:228:6:lv_meter_set_indicator_start_value	16	static
../Librerias/lvgl-release-v8.3/src/extra/widgets/meter/lv_meter.c:245:6:lv_meter_set_indicator_end_value	16	static
