C:/Users/srggr/STM32CubeIDE/workspace_1.18.0/trabajo_sed_micros/Librerias/lvgl-release-v8.3/src/hal/../draw/../misc/lv_color.h:599:26:lv_color_t lv_color_hex(uint32_t)	24	static
C:/Users/srggr/STM32CubeIDE/workspace_1.18.0/trabajo_sed_micros/Librerias/lvgl-release-v8.3/src/core/lv_disp.h:182:26:lv_obj_t* lv_scr_act()	8	static
../Core/Src/main.cpp:63:6:void HAL_GPIO_EXTI_Callback(uint16_t)	16	static
../Core/Src/main.cpp:89:6:void HAL_SPI_TxCpltCallback(SPI_HandleTypeDef*)	16	static
../Core/Src/main.cpp:104:17:void my_flush_cb(lv_disp_drv_t*, const lv_area_t*, lv_color_t*)	32	static
../Core/Src/main.cpp:138:5:int main()	24	static
../Core/Src/main.cpp:251:6:void SystemClock_Config()	88	static
../Core/Src/main.cpp:298:13:void MX_SPI1_Init()	8	static
../Core/Src/main.cpp:339:13:void MX_GPIO_Init()	56	static
../Core/Src/main.cpp:476:13:void MX_DMA_Init()	16	static
../Core/Src/main.cpp:490:13:void MX_ADC1_Init()	24	static
../Core/Src/main.cpp:521:17:void EXTI2_IRQHandler()	8	static
../Core/Src/main.cpp:533:6:void Error_Handler()	4	static,ignoring_inline_asm
../Core/Src/main.cpp:542:1:void __static_initialization_and_destruction_0()	8	static
../Core/Src/main.cpp:542:1:void __static_initialization_and_destruction_1()	8	static
../Core/Src/main.cpp:542:1:cpp)	8	static
../Core/Src/main.cpp:542:1:cpp)	8	static
