../Librerias/lvgl-release-v8.3/src/extra/widgets/led/../../../../src/hal/../draw/../misc/lv_color.h:374:24:lv_color_to32	8	static
../Librerias/lvgl-release-v8.3/src/extra/widgets/led/../../../../src/hal/../draw/../misc/lv_color.h:438:48:lv_color_mix	8	static
../Librerias/lvgl-release-v8.3/src/extra/widgets/led/../../../../src/hal/../draw/../misc/lv_color.h:699:26:lv_color_black	0	static
../Librerias/lvgl-release-v8.3/src/extra/widgets/led/lv_led.c:158:13:lv_led_event	168	static
../Librerias/lvgl-release-v8.3/src/extra/widgets/led/lv_led.c:150:13:lv_led_constructor	8	static
../Librerias/lvgl-release-v8.3/src/extra/widgets/led/lv_led.c:54:12:lv_led_create	8	static
../Librerias/lvgl-release-v8.3/src/extra/widgets/led/lv_led.c:71:6:lv_led_set_color	0	static
../Librerias/lvgl-release-v8.3/src/extra/widgets/led/lv_led.c:85:6:lv_led_set_brightness	0	static
../Librerias/lvgl-release-v8.3/src/extra/widgets/led/lv_led.c:102:6:lv_led_on	0	static
../Librerias/lvgl-release-v8.3/src/extra/widgets/led/lv_led.c:111:6:lv_led_off	0	static
../Librerias/lvgl-release-v8.3/src/extra/widgets/led/lv_led.c:120:6:lv_led_toggle	0	static
../Librerias/lvgl-release-v8.3/src/extra/widgets/led/lv_led.c:138:9:lv_led_get_brightness	0	static
