../Librerias/lvgl-release-v8.3/examples/widgets/list/lv_example_list_2.c:11:13:event_handler	16	static
../Librerias/lvgl-release-v8.3/examples/widgets/list/lv_example_list_2.c:97:13:event_handler_swap	24	static
../Librerias/lvgl-release-v8.3/examples/widgets/list/lv_example_list_2.c:38:13:event_handler_top	8	static
../Librerias/lvgl-release-v8.3/examples/widgets/list/lv_example_list_2.c:87:13:event_handler_bottom	16	static
../Librerias/lvgl-release-v8.3/examples/widgets/list/lv_example_list_2.c:60:13:event_handler_center	8	static
../Librerias/lvgl-release-v8.3/examples/widgets/list/lv_example_list_2.c:75:13:event_handler_dn	8	static
../Librerias/lvgl-release-v8.3/examples/widgets/list/lv_example_list_2.c:48:13:event_handler_up	8	static
../Librerias/lvgl-release-v8.3/examples/widgets/list/lv_example_list_2.c:114:6:lv_example_list_2	24	static
