../Librerias/lvgl-release-v8.3/examples/anim/lv_example_anim_3.c:65:16:anim_path_bezier3_cb	24	static
../Librerias/lvgl-release-v8.3/examples/anim/lv_example_anim_3.c:86:13:anim_x_cb	0	static
../Librerias/lvgl-release-v8.3/examples/anim/../../src/core/lv_obj_style.h:205:20:lv_obj_set_style_pad_all	16	static
../Librerias/lvgl-release-v8.3/examples/anim/lv_example_anim_3.c:76:13:refer_chart_cubic_bezier	32	static
../Librerias/lvgl-release-v8.3/examples/anim/lv_example_anim_3.c:99:13:slider_event_cb	32	static
../Librerias/lvgl-release-v8.3/examples/anim/lv_example_anim_3.c:91:13:run_btn_event_handler	8	static
../Librerias/lvgl-release-v8.3/examples/anim/lv_example_anim_3.c:37:6:lv_example_anim_3	48	static
