../Librerias/lvgl-release-v8.3/src/extra/layouts/grid/lv_grid.c:696:19:grid_align	28	static
../Librerias/lvgl-release-v8.3/src/extra/layouts/grid/lv_grid.c:337:13:grid_update	128	static
../Librerias/lvgl-release-v8.3/src/extra/layouts/grid/lv_grid.c:128:6:lv_grid_init	8	static
../Librerias/lvgl-release-v8.3/src/extra/layouts/grid/lv_grid.c:173:6:lv_style_set_grid_row_dsc_array	0	static
../Librerias/lvgl-release-v8.3/src/extra/layouts/grid/lv_grid.c:181:6:lv_style_set_grid_column_dsc_array	0	static
../Librerias/lvgl-release-v8.3/src/extra/layouts/grid/lv_grid.c:189:6:lv_style_set_grid_row_align	0	static
../Librerias/lvgl-release-v8.3/src/extra/layouts/grid/lv_grid.c:197:6:lv_style_set_grid_column_align	0	static
../Librerias/lvgl-release-v8.3/src/extra/layouts/grid/lv_grid.c:205:6:lv_style_set_grid_cell_column_pos	0	static
../Librerias/lvgl-release-v8.3/src/extra/layouts/grid/lv_grid.c:213:6:lv_style_set_grid_cell_column_span	0	static
../Librerias/lvgl-release-v8.3/src/extra/layouts/grid/lv_grid.c:221:6:lv_style_set_grid_cell_row_pos	0	static
../Librerias/lvgl-release-v8.3/src/extra/layouts/grid/lv_grid.c:229:6:lv_style_set_grid_cell_row_span	0	static
../Librerias/lvgl-release-v8.3/src/extra/layouts/grid/lv_grid.c:237:6:lv_style_set_grid_cell_x_align	0	static
../Librerias/lvgl-release-v8.3/src/extra/layouts/grid/lv_grid.c:245:6:lv_style_set_grid_cell_y_align	0	static
../Librerias/lvgl-release-v8.3/src/extra/layouts/grid/lv_grid.c:253:6:lv_obj_set_style_grid_row_dsc_array	0	static
../Librerias/lvgl-release-v8.3/src/extra/layouts/grid/lv_grid.c:261:6:lv_obj_set_style_grid_column_dsc_array	0	static
../Librerias/lvgl-release-v8.3/src/extra/layouts/grid/lv_grid.c:145:6:lv_obj_set_grid_dsc_array	16	static
../Librerias/lvgl-release-v8.3/src/extra/layouts/grid/lv_grid.c:269:6:lv_obj_set_style_grid_row_align	0	static
../Librerias/lvgl-release-v8.3/src/extra/layouts/grid/lv_grid.c:277:6:lv_obj_set_style_grid_column_align	0	static
../Librerias/lvgl-release-v8.3/src/extra/layouts/grid/lv_grid.c:152:6:lv_obj_set_grid_align	16	static
../Librerias/lvgl-release-v8.3/src/extra/layouts/grid/lv_grid.c:285:6:lv_obj_set_style_grid_cell_column_pos	0	static
../Librerias/lvgl-release-v8.3/src/extra/layouts/grid/lv_grid.c:293:6:lv_obj_set_style_grid_cell_column_span	0	static
../Librerias/lvgl-release-v8.3/src/extra/layouts/grid/lv_grid.c:301:6:lv_obj_set_style_grid_cell_row_pos	0	static
../Librerias/lvgl-release-v8.3/src/extra/layouts/grid/lv_grid.c:309:6:lv_obj_set_style_grid_cell_row_span	0	static
../Librerias/lvgl-release-v8.3/src/extra/layouts/grid/lv_grid.c:317:6:lv_obj_set_style_grid_cell_x_align	0	static
../Librerias/lvgl-release-v8.3/src/extra/layouts/grid/lv_grid.c:325:6:lv_obj_set_style_grid_cell_y_align	0	static
../Librerias/lvgl-release-v8.3/src/extra/layouts/grid/lv_grid.c:159:6:lv_obj_set_grid_cell	32	static
