../Librerias/lvgl-release-v8.3/src/draw/sw/../../misc/lv_color.h:438:48:lv_color_mix	8	static
../Librerias/lvgl-release-v8.3/src/draw/sw/lv_draw_sw_blend.c:950:26:color_blend_true_color_additive	24	static
../Librerias/lvgl-release-v8.3/src/draw/sw/lv_draw_sw_blend.c:1003:26:color_blend_true_color_subtractive	24	static
../Librerias/lvgl-release-v8.3/src/draw/sw/lv_draw_sw_blend.c:1029:26:color_blend_true_color_multiply	24	static
../Librerias/lvgl-release-v8.3/src/draw/sw/lv_draw_sw_blend.c:95:6:lv_draw_sw_blend	24	static
../Librerias/lvgl-release-v8.3/src/draw/sw/lv_draw_sw_blend.c:108:28:lv_draw_sw_blend_basic	104	static
