../Librerias/lvgl-release-v8.3/src/extra/widgets/win/lv_win.c:91:13:lv_win_constructor	16	static
../Librerias/lvgl-release-v8.3/src/extra/widgets/win/lv_win.c:44:12:lv_win_create	8	static
../Librerias/lvgl-release-v8.3/src/extra/widgets/win/lv_win.c:77:12:lv_win_get_header	0	static
../Librerias/lvgl-release-v8.3/src/extra/widgets/win/lv_win.c:54:12:lv_win_add_title	16	static
../Librerias/lvgl-release-v8.3/src/extra/widgets/win/lv_win.c:64:12:lv_win_add_btn	16	static
../Librerias/lvgl-release-v8.3/src/extra/widgets/win/lv_win.c:82:12:lv_win_get_content	0	static
